[powhcoin.com/index.html]
[powhcoin.com/images/favicon/apple-icon-57x57.png]
[powhcoin.com/images/favicon/apple-icon-60x60.png]
[powhcoin.com/images/favicon/apple-icon-72x72.png]
[powhcoin.com/images/favicon/apple-icon-76x76.png]
[powhcoin.com/images/favicon/apple-icon-114x114.png]
[powhcoin.com/images/favicon/apple-icon-120x120.png]
[powhcoin.com/images/favicon/apple-icon-144x144.png]
[powhcoin.com/images/favicon/apple-icon-152x152.png]
[powhcoin.com/images/favicon/apple-icon-180x180.png]
[powhcoin.com/images/favicon/android-icon-192x192.png]
[powhcoin.com/images/favicon/favicon-32x32.png]
[powhcoin.com/images/favicon/favicon-96x96.png]
[powhcoin.com/images/favicon/favicon-16x16.png]
[powhcoin.com/images/favicon/manifest.json]
[powhcoin.com/images/favicon/ms-icon-144x144.png]
[backblue.gif]
[fade.gif]
[index.html]
[maxcdn.bootstrapcdn.com/bootstrap/4.0.0-beta/css/bootstrap.min.css]
[maxcdn.bootstrapcdn.com/font-awesome/4.7.0/css/font-awesome.min.css]
[powhcoin.com/shards.min.css]
[powhcoin.com/shards-extras.min.css]
[powhcoin.com/images/agency-landing/logo.png]
[powhcoin.com/index2.html]
[powhcoin.com/index3.html]
[powhcoin.com/images/triangly.jpg]
[powhcoin.com/index-2.html]
[powhcoin.com/images/2wqZQMDq_400x400.jpg]
[powhcoin.com/images/0b51f74.jpg]
[powhcoin.com/images/Untitled.png]
[powhcoin.com/images/satoshi.jpg]
[powhcoin.com/images/Gregory-Maxwell.jpg]
[powhcoin.com/images/bradthemad.jpg]
[powhcoin.com/privacy.html]
[powhcoin.com/terms.html]
[platform.twitter.com/widgets.js]
[code.jquery.com/jquery-3.2.1.min.js]
[cdnjs.cloudflare.com/ajax/libs/popper.js/1.11.0/umd/popper.min.js]
[powhcoin.com/index.html]
[maxcdn.bootstrapcdn.com/bootstrap/4.0.0-beta/css/bootstrap.min.css]
[maxcdn.bootstrapcdn.com/font-awesome/4.7.0/css/font-awesome.min.css]
[powhcoin.com/shards.min.css]
[powhcoin.com/images/agency-landing/welcome-cover.jpg]
[powhcoin.com/images/app-promo/welcome-cover.jpg]
[powhcoin.com/images/app-promo/features-background.jpg]
[powhcoin.com/shards-extras.min.css]
[powhcoin.com/my.css]
[powhcoin.com/static/css/main.c17080f1.css]
[powhcoin.com/index2.html]
[powhcoin.com/static/js/main.410976cc.js]
[powhcoin.com/images/shill-kit/PoWH_DARK_WHITE_HILIGHTS.png]
[powhcoin.com/images/shill-kit/PoWH_DARK_WHITE_HILIGHTS_proof_of_weak_hands_underneath.png]
[powhcoin.com/images/shill-kit/PoWH_NO_BACKGROUND_WHITE_HILIGHTS.png]
[powhcoin.com/images/shill-kit/PoWH_NO_BACKGROUND_WHITE_HILIGHTS_proof_of_weak_hands_underneath.png]
[powhcoin.com/images/shill-kit/POWHCLEAR.png]
[powhcoin.com/index3.html]
[powhcoin.com/index-2.html]
[powhcoin.com/privacy.html]
[powhcoin.com/terms.html]
[powhcoin.com/my.css]
[powhcoin.com/static/css/main.c17080f1.css]
[maxcdn.bootstrapcdn.com/bootstrap/4.0.0-beta/js/bootstrap.min.js]
